./main
  - 111
b - 1000
d - 101
g - 1001
h - 1100
o - 0
r - 1101
-
118
122
240
212
168
6
