./main
F - 100
e - 11
i - 101
l - 00
p - 01
-
153
92
6
