3
actinal, alantic, alicant, antical
amain, amani, amnia, anima
amentia, aminate, anamite, animate
